RAM Allocation [bytes]
Variable                                                                          Address   Size
------------------------------------------------------------------------------------------------
_base_y                                                                           0x0160       4

EEPROM Allocation [bytes]
Variable                                                                          Address   Size
------------------------------------------------------------------------------------------------

Register Allocation
Variable                                                                          Register  Size
------------------------------------------------------------------------------------------------
_lcd_x                                                                            R5           1
_lcd_y                                                                            R4           1
_lcd_maxx                                                                         R7           1

FLASH Allocation [words]
Function                                                                          Address   Size
------------------------------------------------------------------------------------------------
ext_int2_isr                                                                      0x00066     39
main                                                                              0x0008D     17
keypad                                                                            0x0009E     76
_lcd_write_nibble_G100                                                            0x000EA     20
_lcd_write_data                                                                   0x000FE     12
lcd_gotoxy                                                                        0x0010A     13
lcd_clear                                                                         0x00117     10
lcd_putchar                                                                       0x00121     20
lcd_init                                                                          0x00135     42
