RAM Allocation [bytes]
Variable                                                                          Address   Size
------------------------------------------------------------------------------------------------
n                                                                                 0x0160       4
myNumber                                                                          0x0164       8

EEPROM Allocation [bytes]
Variable                                                                          Address   Size
------------------------------------------------------------------------------------------------

Register Allocation
Variable                                                                          Register  Size
------------------------------------------------------------------------------------------------

FLASH Allocation [words]
Function                                                                          Address   Size
------------------------------------------------------------------------------------------------
ext_int2_isr                                                                      0x00069     37
main                                                                              0x0008E     70
fill_myNumber                                                                     0x000D4     58
